// Jest Snapshot v1, https://goo.gl/fbAQLP

exports[`Text component should match previous snapshot 1`] = `
<div
  className="text-base"
>
  Test
</div>
`;
